// Jest Snapshot v1, https://goo.gl/fbAQLP

exports[`render Input component 1`] = `
<DocumentFragment>
  <div
    class="MuiFormControl-root MuiTextField-root sc-AxjAm fEWskf"
  >
    <label
      class="MuiFormLabel-root MuiInputLabel-root MuiInputLabel-formControl MuiInputLabel-animated MuiInputLabel-outlined"
      data-shrink="false"
    >
      test
    </label>
    <div
      class="MuiInputBase-root MuiOutlinedInput-root MuiInputBase-formControl"
    >
      <input
        aria-invalid="false"
        class="MuiInputBase-input MuiOutlinedInput-input"
        type="text"
        value=""
      />
      <fieldset
        aria-hidden="true"
        class="PrivateNotchedOutline-root-59 MuiOutlinedInput-notchedOutline"
      >
        <legend
          class="PrivateNotchedOutline-legendLabelled-61"
        >
          <span>
            test
          </span>
        </legend>
      </fieldset>
    </div>
  </div>
</DocumentFragment>
`;
